Archive member included to satisfy reference by file (symbol)

c:/apps/atmel/studio/7.0/toolchain/avr8/avr8-gnu-toolchain/bin/../lib/gcc/avr/5.4.0/../../../../avr/lib/avr6\libm.a(divsf3.o)
                              main.o (__divsf3)
c:/apps/atmel/studio/7.0/toolchain/avr8/avr8-gnu-toolchain/bin/../lib/gcc/avr/5.4.0/../../../../avr/lib/avr6\libm.a(divsf3x.o)
                              c:/apps/atmel/studio/7.0/toolchain/avr8/avr8-gnu-toolchain/bin/../lib/gcc/avr/5.4.0/../../../../avr/lib/avr6\libm.a(divsf3.o) (__divsf3x)
c:/apps/atmel/studio/7.0/toolchain/avr8/avr8-gnu-toolchain/bin/../lib/gcc/avr/5.4.0/../../../../avr/lib/avr6\libm.a(fixsfsi.o)
                              main.o (__fixsfsi)
c:/apps/atmel/studio/7.0/toolchain/avr8/avr8-gnu-toolchain/bin/../lib/gcc/avr/5.4.0/../../../../avr/lib/avr6\libm.a(fixunssfsi.o)
                              c:/apps/atmel/studio/7.0/toolchain/avr8/avr8-gnu-toolchain/bin/../lib/gcc/avr/5.4.0/../../../../avr/lib/avr6\libm.a(fixsfsi.o) (__fixunssfsi)
c:/apps/atmel/studio/7.0/toolchain/avr8/avr8-gnu-toolchain/bin/../lib/gcc/avr/5.4.0/../../../../avr/lib/avr6\libm.a(floatsisf.o)
                              main.o (__floatunsisf)
c:/apps/atmel/studio/7.0/toolchain/avr8/avr8-gnu-toolchain/bin/../lib/gcc/avr/5.4.0/../../../../avr/lib/avr6\libm.a(fp_inf.o)
                              c:/apps/atmel/studio/7.0/toolchain/avr8/avr8-gnu-toolchain/bin/../lib/gcc/avr/5.4.0/../../../../avr/lib/avr6\libm.a(divsf3x.o) (__fp_inf)
c:/apps/atmel/studio/7.0/toolchain/avr8/avr8-gnu-toolchain/bin/../lib/gcc/avr/5.4.0/../../../../avr/lib/avr6\libm.a(fp_nan.o)
                              c:/apps/atmel/studio/7.0/toolchain/avr8/avr8-gnu-toolchain/bin/../lib/gcc/avr/5.4.0/../../../../avr/lib/avr6\libm.a(divsf3x.o) (__fp_nan)
c:/apps/atmel/studio/7.0/toolchain/avr8/avr8-gnu-toolchain/bin/../lib/gcc/avr/5.4.0/../../../../avr/lib/avr6\libm.a(fp_pscA.o)
                              c:/apps/atmel/studio/7.0/toolchain/avr8/avr8-gnu-toolchain/bin/../lib/gcc/avr/5.4.0/../../../../avr/lib/avr6\libm.a(divsf3x.o) (__fp_pscA)
c:/apps/atmel/studio/7.0/toolchain/avr8/avr8-gnu-toolchain/bin/../lib/gcc/avr/5.4.0/../../../../avr/lib/avr6\libm.a(fp_pscB.o)
                              c:/apps/atmel/studio/7.0/toolchain/avr8/avr8-gnu-toolchain/bin/../lib/gcc/avr/5.4.0/../../../../avr/lib/avr6\libm.a(divsf3x.o) (__fp_pscB)
c:/apps/atmel/studio/7.0/toolchain/avr8/avr8-gnu-toolchain/bin/../lib/gcc/avr/5.4.0/../../../../avr/lib/avr6\libm.a(fp_round.o)
                              c:/apps/atmel/studio/7.0/toolchain/avr8/avr8-gnu-toolchain/bin/../lib/gcc/avr/5.4.0/../../../../avr/lib/avr6\libm.a(divsf3.o) (__fp_round)
c:/apps/atmel/studio/7.0/toolchain/avr8/avr8-gnu-toolchain/bin/../lib/gcc/avr/5.4.0/../../../../avr/lib/avr6\libm.a(fp_split3.o)
                              c:/apps/atmel/studio/7.0/toolchain/avr8/avr8-gnu-toolchain/bin/../lib/gcc/avr/5.4.0/../../../../avr/lib/avr6\libm.a(divsf3x.o) (__fp_split3)
c:/apps/atmel/studio/7.0/toolchain/avr8/avr8-gnu-toolchain/bin/../lib/gcc/avr/5.4.0/../../../../avr/lib/avr6\libm.a(fp_zero.o)
                              c:/apps/atmel/studio/7.0/toolchain/avr8/avr8-gnu-toolchain/bin/../lib/gcc/avr/5.4.0/../../../../avr/lib/avr6\libm.a(fixunssfsi.o) (__fp_zero)
c:/apps/atmel/studio/7.0/toolchain/avr8/avr8-gnu-toolchain/bin/../lib/gcc/avr/5.4.0/../../../../avr/lib/avr6\libm.a(mulsf3.o)
                              main.o (__mulsf3)
c:/apps/atmel/studio/7.0/toolchain/avr8/avr8-gnu-toolchain/bin/../lib/gcc/avr/5.4.0/../../../../avr/lib/avr6\libm.a(mulsf3x.o)
                              c:/apps/atmel/studio/7.0/toolchain/avr8/avr8-gnu-toolchain/bin/../lib/gcc/avr/5.4.0/../../../../avr/lib/avr6\libm.a(mulsf3.o) (__mulsf3x)
c:/apps/atmel/studio/7.0/toolchain/avr8/avr8-gnu-toolchain/bin/../lib/gcc/avr/5.4.0/../../../../avr/lib/avr6\libprintf_flt.a(vfprintf_flt.o)
                              (vfprintf)
c:/apps/atmel/studio/7.0/toolchain/avr8/avr8-gnu-toolchain/bin/../lib/gcc/avr/5.4.0/avr6\libgcc.a(_udivmodsi4.o)
                              stack/hal/drivers/atmega256rfr2/src/halSleep.o (__udivmodsi4)
c:/apps/atmel/studio/7.0/toolchain/avr8/avr8-gnu-toolchain/bin/../lib/gcc/avr/5.4.0/avr6\libgcc.a(_divmodsi4.o)
                              lib/libprintfuart.o (__divmodsi4)
c:/apps/atmel/studio/7.0/toolchain/avr8/avr8-gnu-toolchain/bin/../lib/gcc/avr/5.4.0/avr6\libgcc.a(_negsi2.o)
                              c:/apps/atmel/studio/7.0/toolchain/avr8/avr8-gnu-toolchain/bin/../lib/gcc/avr/5.4.0/avr6\libgcc.a(_divmodsi4.o) (__negsi2)
c:/apps/atmel/studio/7.0/toolchain/avr8/avr8-gnu-toolchain/bin/../lib/gcc/avr/5.4.0/avr6\libgcc.a(_exit.o)
                              c:/apps/atmel/studio/7.0/toolchain/avr8/avr8-gnu-toolchain/bin/../lib/gcc/avr/5.4.0/../../../../avr/lib/avr6/crtatmega256rfr2.o (exit)
c:/apps/atmel/studio/7.0/toolchain/avr8/avr8-gnu-toolchain/bin/../lib/gcc/avr/5.4.0/avr6\libgcc.a(_tablejump2.o)
[...]
Memory Configuration

Name             Origin             Length             Attributes
text             0x00000000         0x00040000         xr
data             0x00800200         0x00008000         rw !x
eeprom           0x00810000         0x00002000         rw !x
fuse             0x00820000         0x00000003         rw !x
lock             0x00830000         0x00000400         rw !x
signature        0x00840000         0x00000400         rw !x
user_signatures  0x00850000         0x00000400         rw !x
*default*        0x00000000         0xffffffff

Linker script and memory map

Address of section .data set to 0x800200
LOAD c:/apps/atmel/studio/7.0/toolchain/avr8/avr8-gnu-toolchain/bin/../lib/gcc/avr/5.4.0/../../../../avr/lib/avr6/crtatmega256rfr2.o
LOAD commands.o
LOAD lib/adclib/adclib.o
LOAD lib/libprintfuart.o
LOAD main.o
LOAD stack/hal/atmega256rfr2/src/hal.o
LOAD stack/hal/atmega256rfr2/src/halTimer.o
LOAD stack/hal/drivers/atmega256rfr2/src/halSleep.o
LOAD stack/hal/drivers/atmega256rfr2/src/halUart.o
LOAD stack/nwk/src/nwk.o
LOAD stack/nwk/src/nwkDataReq.o
LOAD stack/nwk/src/nwkFrame.o
LOAD stack/nwk/src/nwkGroup.o
LOAD stack/nwk/src/nwkRoute.o
LOAD stack/nwk/src/nwkRouteDiscovery.o
LOAD stack/nwk/src/nwkRx.o
LOAD stack/nwk/src/nwkSecurity.o
LOAD stack/nwk/src/nwkTx.o
LOAD stack/phy/atmega256rfr2/src/phy.o
LOAD stack/sys/src/sys.o
LOAD stack/sys/src/sysEncrypt.o
LOAD stack/sys/src/sysTimer.o
START GROUP
LOAD c:/apps/atmel/studio/7.0/toolchain/avr8/avr8-gnu-toolchain/bin/../lib/gcc/avr/5.4.0/../../../../avr/lib/avr6\libm.a
END GROUP
LOAD c:/apps/atmel/studio/7.0/toolchain/avr8/avr8-gnu-toolchain/bin/../lib/gcc/avr/5.4.0/../../../../avr/lib/avr6\libprintf_flt.a
LOAD c:/apps/atmel/studio/7.0/toolchain/avr8/avr8-gnu-toolchain/bin/../lib/gcc/avr/5.4.0/../../../../avr/lib/avr6\libm.a
START GROUP
LOAD c:/apps/atmel/studio/7.0/toolchain/avr8/avr8-gnu-toolchain/bin/../lib/gcc/avr/5.4.0/avr6\libgcc.a
LOAD c:/apps/atmel/studio/7.0/toolchain/avr8/avr8-gnu-toolchain/bin/../lib/gcc/avr/5.4.0/../../../../avr/lib/avr6\libm.a
LOAD c:/apps/atmel/studio/7.0/toolchain/avr8/avr8-gnu-toolchain/bin/../lib/gcc/avr/5.4.0/../../../../avr/lib/avr6\libc.a
LOAD c:/apps/atmel/studio/7.0/toolchain/avr8/avr8-gnu-toolchain/bin/../lib/gcc/avr/5.4.0/../../../../avr/lib/avr6\libatmega256rfr2.a
END GROUP
                [0x00000000]                __TEXT_REGION_ORIGIN__ = DEFINED (__TEXT_REGION_ORIGIN__)?__TEXT_REGION_ORIGIN__:0x0
                [0x00800200]                __DATA_REGION_ORIGIN__ = DEFINED (__DATA_REGION_ORIGIN__)?__DATA_REGION_ORIGIN__:0x800200
                [0x00040000]                __TEXT_REGION_LENGTH__ = DEFINED (__TEXT_REGION_LENGTH__)?__TEXT_REGION_LENGTH__:0x100000
                [0x00008000]                __DATA_REGION_LENGTH__ = DEFINED (__DATA_REGION_LENGTH__)?__DATA_REGION_LENGTH__:0xfe00
                [0x00002000]                __EEPROM_REGION_LENGTH__ = DEFINED (__EEPROM_REGION_LENGTH__)?__EEPROM_REGION_LENGTH__:0x10000
                [0x00000003]                __FUSE_REGION_LENGTH__ = DEFINED (__FUSE_REGION_LENGTH__)?__FUSE_REGION_LENGTH__:0x400
                0x00000400                __LOCK_REGION_LENGTH__ = DEFINED (__LOCK_REGION_LENGTH__)?__LOCK_REGION_LENGTH__:0x400
                0x00000400                __SIGNATURE_REGION_LENGTH__ = DEFINED (__SIGNATURE_REGION_LENGTH__)?__SIGNATURE_REGION_LENGTH__:0x400
                0x00000400                __USER_SIGNATURE_REGION_LENGTH__ = DEFINED (__USER_SIGNATURE_REGION_LENGTH__)?__USER_SIGNATURE_REGION_LENGTH__:0x400

.hash
 *(.hash)

.dynsym
 *(.dynsym)

.dynstr
 *(.dynstr)

.gnu.version
 *(.gnu.version)

.gnu.version_d
 *(.gnu.version_d)

.gnu.version_r
 *(.gnu.version_r)

.rel.init
 *(.rel.init)

.rela.init
 *(.rela.init)

.rel.text
 *(.rel.text)
 *(.rel.text.*)
 *(.rel.gnu.linkonce.t*)

.rela.text
 *(.rela.text)
 *(.rela.text.*)
 *(.rela.gnu.linkonce.t*)

.rel.fini
 *(.rel.fini)

.rela.fini
 *(.rela.fini)

.rel.rodata
 *(.rel.rodata)
 *(.rel.rodata.*)
 *(.rel.gnu.linkonce.r*)

.rela.rodata
 *(.rela.rodata)
 *(.rela.rodata.*)
 *(.rela.gnu.linkonce.r*)

.rel.data
 *(.rel.data)
 *(.rel.data.*)
 *(.rel.gnu.linkonce.d*)

.rela.data
 *(.rela.data)
 *(.rela.data.*)
 *(.rela.gnu.linkonce.d*)

.rel.ctors
 *(.rel.ctors)

.rela.ctors
 *(.rela.ctors)

.rel.dtors
 *(.rel.dtors)

.rela.dtors
 *(.rela.dtors)

.rel.got
 *(.rel.got)

.rela.got
 *(.rela.got)

.rel.bss
 *(.rel.bss)

.rela.bss
 *(.rela.bss)

.rel.plt
 *(.rel.plt)

.rela.plt
 *(.rela.plt)

.text           0x00000000     0x3cc6
 *(.vectors)
 .vectors       0x00000000      0x134 c:/apps/atmel/studio/7.0/toolchain/avr8/avr8-gnu-toolchain/bin/../lib/gcc/avr/5.4.0/../../../../avr/lib/avr6/crtatmega256rfr2.o
                0x00000000                __vector_default
                0x00000000                __vectors
 *(.vectors)
 *(.progmem.gcc*)
 .progmem.gcc_sw_table.main
                0x00000134       0x16 main.o
                0x0000014a                . = ALIGN (0x2)
                0x0000014a                __trampolines_start = .
 *(.trampolines)
 .trampolines   0x0000014a        0x0 linker stubs
 *(.trampolines*)
                0x0000014a                __trampolines_end = .
 *libprintf_flt.a:*(.progmem.data)
 .progmem.data  0x0000014a        0x8 c:/apps/atmel/studio/7.0/toolchain/avr8/avr8-gnu-toolchain/bin/../lib/gcc/avr/5.4.0/../../../../avr/lib/avr6\libprintf_flt.a(vfprintf_flt.o)
 *libc.a:*(.progmem.data)
 .progmem.data  0x00000152       0xfa c:/apps/atmel/studio/7.0/toolchain/avr8/avr8-gnu-toolchain/bin/../lib/gcc/avr/5.4.0/../../../../avr/lib/avr6\libc.a(ftoa_engine.o)
 *(.progmem*)
                0x0000024c                . = ALIGN (0x2)
 *(.jumptables)
 *(.jumptables*)
 *(.lowtext)
 *(.lowtext*)
                0x0000024c                __ctors_start = .
 *(.ctors)
                0x0000024c                __ctors_end = .
                0x0000024c                __dtors_start = .
 *(.dtors)
                0x0000024c                __dtors_end = .
 SORT(*)(.ctors)
 SORT(*)(.dtors)
 *(.init0)
 .init0         0x0000024c        0x0 c:/apps/atmel/studio/7.0/toolchain/avr8/avr8-gnu-toolchain/bin/../lib/gcc/avr/5.4.0/../../../../avr/lib/avr6/crtatmega256rfr2.o
                0x0000024c                __init
 *(.init0)
 *(.init1)
 *(.init1)
 *(.init2)
 .init2         0x0000024c       0x10 c:/apps/atmel/studio/7.0/toolchain/avr8/avr8-gnu-toolchain/bin/../lib/gcc/avr/5.4.0/../../../../avr/lib/avr6/crtatmega256rfr2.o
 *(.init2)
 *(.init3)
 *(.init3)
 *(.init4)
 .init4         0x0000025c       0x1a c:/apps/atmel/studio/7.0/toolchain/avr8/avr8-gnu-toolchain/bin/../lib/gcc/avr/5.4.0/avr6\libgcc.a(_copy_data.o)
                0x0000025c                __do_copy_data
 .init4         0x00000276       0x10 c:/apps/atmel/studio/7.0/toolchain/avr8/avr8-gnu-toolchain/bin/../lib/gcc/avr/5.4.0/avr6\libgcc.a(_clear_bss.o)
                0x00000276                __do_clear_bss
 *(.init4)
 *(.init5)
 *(.init5)
 *(.init6)
 *(.init6)
 *(.init7)
 *(.init7)
 *(.init8)
 *(.init8)
 *(.init9)
 .init9         0x00000286        0x6 c:/apps/atmel/studio/7.0/toolchain/avr8/avr8-gnu-toolchain/bin/../lib/gcc/avr/5.4.0/../../../../avr/lib/avr6/crtatmega256rfr2.o
 *(.init9)
 *(.text)
 .text          0x0000028c        0x2 c:/apps/atmel/studio/7.0/toolchain/avr8/avr8-gnu-toolchain/bin/../lib/gcc/avr/5.4.0/../../../../avr/lib/avr6/crtatmega256rfr2.o
                0x0000028c                __vector_38
                0x0000028c                __vector_22
                0x0000028c                __vector_63
                0x0000028c                __vector_28
                0x0000028c                __vector_67
                0x0000028c                __vector_1
                0x0000028c                __vector_32
                0x0000028c                __vector_75
                0x0000028c                __vector_71
                0x0000028c                __vector_34
                0x0000028c                __vector_62
                0x0000028c                __vector_24
                0x0000028c                __vector_12
                0x0000028c                __vector_55
                0x0000028c                __vector_69
                0x0000028c                __vector_46
                0x0000028c                __bad_interrupt
                0x0000028c                __vector_72
                0x0000028c                __vector_6
                0x0000028c                __vector_31
                0x0000028c                __vector_35
                0x0000028c                __vector_74
                0x0000028c                __vector_39
                0x0000028c                __vector_3
                0x0000028c                __vector_23
                0x0000028c                __vector_68
                0x0000028c                __vector_30
                0x0000028c                __vector_73
                0x0000028c                __vector_45
                0x0000028c                __vector_25
                0x0000028c                __vector_61
                0x0000028c                __vector_11
                0x0000028c                __vector_54
                0x0000028c                __vector_17
                0x0000028c                __vector_19
                0x0000028c                __vector_56
                0x0000028c                __vector_7
                0x0000028c                __vector_49
                0x0000028c                __vector_41
                0x0000028c                __vector_64
                0x0000028c                __vector_43
                0x0000028c                __vector_27
                0x0000028c                __vector_5
                0x0000028c                __vector_33
                0x0000028c                __vector_76
                0x0000028c                __vector_47
                0x0000028c                __vector_52
                0x0000028c                __vector_4
                0x0000028c                __vector_44
                0x0000028c                __vector_51
                0x0000028c                __vector_9
                0x0000028c                __vector_2
                0x0000028c                __vector_21
                0x0000028c                __vector_15
                0x0000028c                __vector_66
                0x0000028c                __vector_58
                0x0000028c                __vector_70
                0x0000028c                __vector_29
                0x0000028c                __vector_60
                0x0000028c                __vector_40
                0x0000028c                __vector_8
                0x0000028c                __vector_26
                0x0000028c                __vector_48
                0x0000028c                __vector_14
                0x0000028c                __vector_57
                0x0000028c                __vector_53
                0x0000028c                __vector_10
                0x0000028c                __vector_50
                0x0000028c                __vector_16
                0x0000028c                __vector_59
                0x0000028c                __vector_18
                0x0000028c                __vector_20
                0x0000028c                __vector_65
                0x0000028e                . = ALIGN (0x2)
 *(.text.*)
 .text.appCmdIdentifyPeriodTimerHandler
                0x0000028e        0x2 commands.o
 .text.appCmdHandle
                0x00000290       0x7e commands.o
 .text.appCmdDataInd
                0x0000030e        0xc commands.o
 .text.appCmdCheckPendingTable
                0x0000031a       0x6c commands.o
 .text.appCmdDataConf
                0x00000386       0x1e commands.o
 .text.appCmdIdentifyDurationTimerHandler
                0x000003a4        0xe commands.o
 .text.APP_CommandsInit
                0x000003b2       0x66 commands.o
                0x000003b2                APP_CommandsInit
 .text.APP_CommandsPending
                0x00000418       0x74 commands.o
                0x00000418                APP_CommandsPending
 .text.APP_CommandsByteReceived
                0x0000048c      0x1f6 commands.o
                0x0000048c                APP_CommandsByteReceived
 .text.UART_SendChar
                0x00000682       0x10 lib/libprintfuart.o
                0x00000682                UART_SendChar
 .text.UART_GetChar
                0x00000692       0x10 lib/libprintfuart.o
                0x00000692                UART_GetChar
 .text.UART_SendStringNewLine
                0x000006a2       0x28 lib/libprintfuart.o
                0x000006a2                UART_SendStringNewLine
 .text.printCHAR
                0x000006ca        0x8 lib/libprintfuart.o
                0x000006ca                printCHAR
 .text.appNetworkStatusTimerHandler
                0x000006d2        0x2 main.o
 .text.appCommandWaitTimerHandler
                0x000006d4        0x8 main.o
 .text.appADDR_REQ_Conf
                0x000006dc        0x8 main.o
 .text.appADDR_CONF_Conf
                0x000006e4        0x8 main.o
 .text.compare_ul
                0x000006ec       0x3e main.o
                0x000006ec                compare_ul
 .text.appDataSendingTimerHandler
                0x0000072a       0x1a main.o
 .text.appAddrInd
                0x00000744       0xe0 main.o
 .text.appDataInd
                0x00000824      0x236 main.o
 .text.appDataConf
                0x00000a5a       0x62 main.o
 .text.HAL_UartBytesReceived
                0x00000abc       0x28 main.o
                0x00000abc                HAL_UartBytesReceived
 .text.Hx711_init
                0x00000ae4        0xa main.o
                0x00000ae4                Hx711_init
 .text.Hx711_read
                0x00000aee       0x32 main.o
                0x00000aee                Hx711_read
 .text.read_median
                0x00000b20       0xfa main.o
                0x00000b20                read_median
 .text.kalibracia
                0x00000c1a       0xec main.o
                0x00000c1a                kalibracia
 .text.printMenu
                0x00000d06       0x1a main.o
                0x00000d06                printMenu
 .text.cleanConsole
                0x00000d20       0x18 main.o
                0x00000d20                cleanConsole
 .text.main     0x00000d38      0x2f6 main.o
                0x00000d38                main
 .text.HAL_Init
                0x0000102e       0x28 stack/hal/atmega256rfr2/src/hal.o
                0x0000102e                HAL_Init
 .text.HAL_TimerInit
                0x00001056       0x2a stack/hal/atmega256rfr2/src/halTimer.o
                0x00001056                HAL_TimerInit
 .text.__vector_42
                0x00001080       0x22 stack/hal/atmega256rfr2/src/halTimer.o
                0x00001080                __vector_42
 .text.HAL_Sleep
                0x000010a2      0x10c stack/hal/drivers/atmega256rfr2/src/halSleep.o
                0x000010a2                HAL_Sleep
 .text.__vector_13
                0x000011ae       0x1e stack/hal/drivers/atmega256rfr2/src/halSleep.o
                0x000011ae                __vector_13
 .text.HAL_UartInit
                0x000011cc       0xa8 stack/hal/drivers/atmega256rfr2/src/halUart.o
                0x000011cc                HAL_UartInit
 .text.HAL_UartReadByte
                0x00001274       0x4c stack/hal/drivers/atmega256rfr2/src/halUart.o
                0x00001274                HAL_UartReadByte
 .text.__vector_37
                0x000012c0       0x38 stack/hal/drivers/atmega256rfr2/src/halUart.o
                0x000012c0                __vector_37
 .text.__vector_36
                0x000012f8       0xae stack/hal/drivers/atmega256rfr2/src/halUart.o
                0x000012f8                __vector_36
 .text.HAL_UartTaskHandler
                0x000013a6       0x86 stack/hal/drivers/atmega256rfr2/src/halUart.o
                0x000013a6                HAL_UartTaskHandler
 .text.NWK_Init
                0x0000142c       0x2e stack/nwk/src/nwk.o
                0x0000142c                NWK_Init
 .text.NWK_SetAddr
                0x0000145a        0xe stack/nwk/src/nwk.o
                0x0000145a                NWK_SetAddr
 .text.NWK_SetPanId
                0x00001468        0xe stack/nwk/src/nwk.o
                0x00001468                NWK_SetPanId
 .text.NWK_OpenEndpoint
                0x00001476       0x12 stack/nwk/src/nwk.o
                0x00001476                NWK_OpenEndpoint
 .text.NWK_Busy
                0x00001488       0x12 stack/nwk/src/nwk.o
                0x00001488                NWK_Busy
 .text.NWK_Lock
                0x0000149a       0x10 stack/nwk/src/nwk.o
                0x0000149a                NWK_Lock
 .text.NWK_Unlock
                0x000014aa       0x10 stack/nwk/src/nwk.o
                0x000014aa                NWK_Unlock
 .text.NWK_SleepReq
                0x000014ba        0x6 stack/nwk/src/nwk.o
                0x000014ba                NWK_SleepReq
 .text.NWK_WakeupReq
                0x000014c0        0x6 stack/nwk/src/nwk.o
                0x000014c0                NWK_WakeupReq
 .text.NWK_TaskHandler
                0x000014c6        0x8 stack/nwk/src/nwk.o
                0x000014c6                NWK_TaskHandler
 .text.nwkDataReqTxConf
                0x000014ce       0x46 stack/nwk/src/nwkDataReq.o
 .text.nwkDataReqInit
                0x00001514        0xa stack/nwk/src/nwkDataReq.o
                0x00001514                nwkDataReqInit
 .text.NWK_DataReq
                0x0000151e       0x48 stack/nwk/src/nwkDataReq.o
                0x0000151e                NWK_DataReq
 .text.nwkDataReqTaskHandler
                0x00001566      0x146 stack/nwk/src/nwkDataReq.o
                0x00001566                nwkDataReqTaskHandler
 .text.nwkFrameInit
                0x000016ac       0x16 stack/nwk/src/nwkFrame.o
                0x000016ac                nwkFrameInit
 .text.nwkFrameAlloc
                0x000016c2       0x6e stack/nwk/src/nwkFrame.o
                0x000016c2                nwkFrameAlloc
 .text.nwkFrameFree
                0x00001730       0x14 stack/nwk/src/nwkFrame.o
                0x00001730                nwkFrameFree
 .text.nwkFrameNext
                0x00001744       0x4a stack/nwk/src/nwkFrame.o
                0x00001744                nwkFrameNext
 .text.nwkFrameCommandInit
                0x0000178e       0x28 stack/nwk/src/nwkFrame.o
                0x0000178e                nwkFrameCommandInit
 .text.nwkRouteInit
                0x000017b6       0x40 stack/nwk/src/nwkRoute.o
                0x000017b6                nwkRouteInit
 .text.NWK_RouteFindEntry
                0x000017f6       0x64 stack/nwk/src/nwkRoute.o
                0x000017f6                NWK_RouteFindEntry
 .text.NWK_RouteNewEntry
                0x0000185a       0x44 stack/nwk/src/nwkRoute.o
                0x0000185a                NWK_RouteNewEntry
 .text.NWK_RouteFreeEntry
                0x0000189e       0x14 stack/nwk/src/nwkRoute.o
                0x0000189e                NWK_RouteFreeEntry
 .text.NWK_RouteNextHop
                0x000018b2       0x14 stack/nwk/src/nwkRoute.o
                0x000018b2                NWK_RouteNextHop
 .text.nwkRouteRemove
                0x000018c6        0xa stack/nwk/src/nwkRoute.o
                0x000018c6                nwkRouteRemove
 .text.nwkRouteFrameReceived
                0x000018d0       0x9e stack/nwk/src/nwkRoute.o
                0x000018d0                nwkRouteFrameReceived
 .text.nwkRouteFrameSent
                0x0000196e       0x8e stack/nwk/src/nwkRoute.o
                0x0000196e                nwkRouteFrameSent
 .text.nwkRoutePrepareTx
                0x000019fc       0x3e stack/nwk/src/nwkRoute.o
                0x000019fc                nwkRoutePrepareTx
 .text.nwkRouteFrame
                0x00001a3a       0x98 stack/nwk/src/nwkRoute.o
                0x00001a3a                nwkRouteFrame
 .text.nwkRouteErrorReceived
                0x00001ad2       0x1e stack/nwk/src/nwkRoute.o
                0x00001ad2                nwkRouteErrorReceived
 .text.nwkRxServiceDataInd
                0x00001af0       0x30 stack/nwk/src/nwkRx.o
 .text.nwkRxDuplicateRejectionTimerHandler
                0x00001b20       0x2c stack/nwk/src/nwkRx.o
 .text.nwkRxInit
                0x00001b4c       0x3a stack/nwk/src/nwkRx.o
                0x00001b4c                nwkRxInit
 .text.PHY_DataInd
                0x00001b86       0x56 stack/nwk/src/nwkRx.o
                0x00001b86                PHY_DataInd
 .text.NWK_SetAckControl
                0x00001bdc        0x6 stack/nwk/src/nwkRx.o
                0x00001bdc                NWK_SetAckControl
 .text.nwkRxTaskHandler
                0x00001be2      0x478 stack/nwk/src/nwkRx.o
                0x00001be2                nwkRxTaskHandler
 .text.nwkTxDelayTimerHandler
                0x0000205a       0x58 stack/nwk/src/nwkTx.o
 .text.nwkTxAckWaitTimerHandler
                0x000020b2       0x64 stack/nwk/src/nwkTx.o
 .text.nwkTxInit
                0x00002116       0x46 stack/nwk/src/nwkTx.o
                0x00002116                nwkTxInit
 .text.nwkTxFrame
                0x0000215c       0x9e stack/nwk/src/nwkTx.o
                0x0000215c                nwkTxFrame
 .text.nwkTxBroadcastFrame
                0x000021fa       0x8a stack/nwk/src/nwkTx.o
                0x000021fa                nwkTxBroadcastFrame
 .text.nwkTxAckReceived
                0x00002284       0x4a stack/nwk/src/nwkTx.o
                0x00002284                nwkTxAckReceived
 .text.PHY_DataConf
                0x000022ce       0x46 stack/nwk/src/nwkTx.o
                0x000022ce                PHY_DataConf
 .text.nwkTxTaskHandler
                0x00002314      0x136 stack/nwk/src/nwkTx.o
                0x00002314                nwkTxTaskHandler
 .text.phySetChannel
                0x0000244a       0x3c stack/phy/atmega256rfr2/src/phy.o
 .text.phyTrxSetState
                0x00002486       0x24 stack/phy/atmega256rfr2/src/phy.o
 .text.phySetRxState
                0x000024aa       0x18 stack/phy/atmega256rfr2/src/phy.o
 .text.PHY_Init
                0x000024c2       0x2e stack/phy/atmega256rfr2/src/phy.o
                0x000024c2                PHY_Init
 .text.PHY_SetRxState
                0x000024f0        0x8 stack/phy/atmega256rfr2/src/phy.o
                0x000024f0                PHY_SetRxState
 .text.PHY_SetChannel
                0x000024f8        0x8 stack/phy/atmega256rfr2/src/phy.o
                0x000024f8                PHY_SetChannel
 .text.PHY_SetPanId
                0x00002500       0x24 stack/phy/atmega256rfr2/src/phy.o
                0x00002500                PHY_SetPanId
 .text.PHY_SetShortAddr
                0x00002524       0x2e stack/phy/atmega256rfr2/src/phy.o
                0x00002524                PHY_SetShortAddr
 .text.PHY_Sleep
                0x00002552       0x16 stack/phy/atmega256rfr2/src/phy.o
                0x00002552                PHY_Sleep
 .text.PHY_Wakeup
                0x00002568       0x14 stack/phy/atmega256rfr2/src/phy.o
                0x00002568                PHY_Wakeup
 .text.PHY_DataReq
                0x0000257c       0x52 stack/phy/atmega256rfr2/src/phy.o
                0x0000257c                PHY_DataReq
 .text.PHY_TaskHandler
                0x000025ce       0xf6 stack/phy/atmega256rfr2/src/phy.o
                0x000025ce                PHY_TaskHandler
 .text.SYS_Init
                0x000026c4        0xe stack/sys/src/sys.o
                0x000026c4                SYS_Init
 .text.SYS_TaskHandler
                0x000026d2        0xa stack/sys/src/sys.o
                0x000026d2                SYS_TaskHandler
 .text.placeTimer
                0x000026dc       0xc8 stack/sys/src/sysTimer.o
 .text.SYS_TimerInit
                0x000027a4        0xa stack/sys/src/sysTimer.o
                0x000027a4                SYS_TimerInit
 .text.SYS_TimerStop
                0x000027ae       0x7a stack/sys/src/sysTimer.o
                0x000027ae                SYS_TimerStop
 .text.SYS_TimerStarted
                0x00002828       0x34 stack/sys/src/sysTimer.o
                0x00002828                SYS_TimerStarted
 .text.SYS_TimerStart
                0x0000285c       0x16 stack/sys/src/sysTimer.o
                0x0000285c                SYS_TimerStart
 .text.SYS_TimerTaskHandler
                0x00002872       0xd6 stack/sys/src/sysTimer.o
                0x00002872                SYS_TimerTaskHandler
 .text.avr-libc.fplib
                0x00002948        0x4 c:/apps/atmel/studio/7.0/toolchain/avr8/avr8-gnu-toolchain/bin/../lib/gcc/avr/5.4.0/../../../../avr/lib/avr6\libm.a(divsf3.o)
                0x00002948                __divsf3
 .text.avr-libc.fplib
                0x0000294c       0xcc c:/apps/atmel/studio/7.0/toolchain/avr8/avr8-gnu-toolchain/bin/../lib/gcc/avr/5.4.0/../../../../avr/lib/avr6\libm.a(divsf3x.o)
                0x00002962                __divsf3x
                0x00002966                __divsf3_pse
 .text.avr-libc.fplib
                0x00002a18        0xa c:/apps/atmel/studio/7.0/toolchain/avr8/avr8-gnu-toolchain/bin/../lib/gcc/avr/5.4.0/../../../../avr/lib/avr6\libm.a(fixsfsi.o)
                0x00002a18                __fixsfsi
 .text.avr-libc.fplib
                0x00002a22       0x58 c:/apps/atmel/studio/7.0/toolchain/avr8/avr8-gnu-toolchain/bin/../lib/gcc/avr/5.4.0/../../../../avr/lib/avr6\libm.a(fixunssfsi.o)
                0x00002a22                __fixunssfsi
 .text.avr-libc.fplib
                0x00002a7a       0x7a c:/apps/atmel/studio/7.0/toolchain/avr8/avr8-gnu-toolchain/bin/../lib/gcc/avr/5.4.0/../../../../avr/lib/avr6\libm.a(floatsisf.o)
                0x00002a7a                __floatunsisf
                0x00002a7e                __floatsisf
 .text.avr-libc.fplib
                0x00002af4        0xc c:/apps/atmel/studio/7.0/toolchain/avr8/avr8-gnu-toolchain/bin/../lib/gcc/avr/5.4.0/../../../../avr/lib/avr6\libm.a(fp_inf.o)
                0x00002af4                __fp_inf
 .text.avr-libc.fplib
                0x00002b00        0x6 c:/apps/atmel/studio/7.0/toolchain/avr8/avr8-gnu-toolchain/bin/../lib/gcc/avr/5.4.0/../../../../avr/lib/avr6\libm.a(fp_nan.o)
                0x00002b00                __fp_nan
 .text.avr-libc.fplib
                0x00002b06        0xe c:/apps/atmel/studio/7.0/toolchain/avr8/avr8-gnu-toolchain/bin/../lib/gcc/avr/5.4.0/../../../../avr/lib/avr6\libm.a(fp_pscA.o)
                0x00002b06                __fp_pscA
 .text.avr-libc.fplib
                0x00002b14        0xe c:/apps/atmel/studio/7.0/toolchain/avr8/avr8-gnu-toolchain/bin/../lib/gcc/avr/5.4.0/../../../../avr/lib/avr6\libm.a(fp_pscB.o)
                0x00002b14                __fp_pscB
 .text.avr-libc.fplib
                0x00002b22       0x22 c:/apps/atmel/studio/7.0/toolchain/avr8/avr8-gnu-toolchain/bin/../lib/gcc/avr/5.4.0/../../../../avr/lib/avr6\libm.a(fp_round.o)
                0x00002b22                __fp_round
 .text.avr-libc.fplib
                0x00002b44       0x44 c:/apps/atmel/studio/7.0/toolchain/avr8/avr8-gnu-toolchain/bin/../lib/gcc/avr/5.4.0/../../../../avr/lib/avr6\libm.a(fp_split3.o)
                0x00002b44                __fp_split3
                0x00002b54                __fp_splitA
 .text.avr-libc.fplib
                0x00002b88        0xe c:/apps/atmel/studio/7.0/toolchain/avr8/avr8-gnu-toolchain/bin/../lib/gcc/avr/5.4.0/../../../../avr/lib/avr6\libm.a(fp_zero.o)
                0x00002b88                __fp_zero
                0x00002b8a                __fp_szero
 .text.avr-libc.fplib
                0x00002b96        0x4 c:/apps/atmel/studio/7.0/toolchain/avr8/avr8-gnu-toolchain/bin/../lib/gcc/avr/5.4.0/../../../../avr/lib/avr6\libm.a(mulsf3.o)
                0x00002b96                __mulsf3
 .text.avr-libc.fplib
                0x00002b9a       0xc2 c:/apps/atmel/studio/7.0/toolchain/avr8/avr8-gnu-toolchain/bin/../lib/gcc/avr/5.4.0/../../../../avr/lib/avr6\libm.a(mulsf3x.o)
                0x00002bae                __mulsf3x
                0x00002bb2                __mulsf3_pse
 .text.avr-libc
                0x00002c5c      0x712 c:/apps/atmel/studio/7.0/toolchain/avr8/avr8-gnu-toolchain/bin/../lib/gcc/avr/5.4.0/../../../../avr/lib/avr6\libprintf_flt.a(vfprintf_flt.o)
                0x00002c5c                vfprintf
 .text.libgcc.div
                0x0000336e       0x44 c:/apps/atmel/studio/7.0/toolchain/avr8/avr8-gnu-toolchain/bin/../lib/gcc/avr/5.4.0/avr6\libgcc.a(_udivmodsi4.o)
                0x0000336e                __udivmodsi4
 .text.libgcc.div
                0x000033b2       0x28 c:/apps/atmel/studio/7.0/toolchain/avr8/avr8-gnu-toolchain/bin/../lib/gcc/avr/5.4.0/avr6\libgcc.a(_divmodsi4.o)
                0x000033b2                __divmodsi4
 .text.libgcc.div
                0x000033da       0x10 c:/apps/atmel/studio/7.0/toolchain/avr8/avr8-gnu-toolchain/bin/../lib/gcc/avr/5.4.0/avr6\libgcc.a(_negsi2.o)
                0x000033da                __negsi2
 .text.libgcc   0x000033ea       0x10 c:/apps/atmel/studio/7.0/toolchain/avr8/avr8-gnu-toolchain/bin/../lib/gcc/avr/5.4.0/avr6\libgcc.a(_tablejump2.o)
                0x000033ea                __tablejump2__
 .text.avr-libc
                0x000033fa      0x40a c:/apps/atmel/studio/7.0/toolchain/avr8/avr8-gnu-toolchain/bin/../lib/gcc/avr/5.4.0/../../../../avr/lib/avr6\libc.a(qsort.o)
                0x00003488                qsort
 .text.avr-libc
                0x00003804       0xaa c:/apps/atmel/studio/7.0/toolchain/avr8/avr8-gnu-toolchain/bin/../lib/gcc/avr/5.4.0/../../../../avr/lib/avr6\libc.a(rand.o)
                0x00003890                rand_r
                0x00003892                rand
                0x00003898                srand
 .text.avr-libc
                0x000038ae      0x1b0 c:/apps/atmel/studio/7.0/toolchain/avr8/avr8-gnu-toolchain/bin/../lib/gcc/avr/5.4.0/../../../../avr/lib/avr6\libc.a(ftoa_engine.o)
                0x000038ae                __ftoa_engine
 .text.avr-libc
                0x00003a5e       0x16 c:/apps/atmel/studio/7.0/toolchain/avr8/avr8-gnu-toolchain/bin/../lib/gcc/avr/5.4.0/../../../../avr/lib/avr6\libc.a(strnlen_P.o)
                0x00003a5e                strnlen_P
 .text.avr-libc
                0x00003a74       0x12 c:/apps/atmel/studio/7.0/toolchain/avr8/avr8-gnu-toolchain/bin/../lib/gcc/avr/5.4.0/../../../../avr/lib/avr6\libc.a(memcpy.o)
                0x00003a74                memcpy
 .text.avr-libc
                0x00003a86       0x16 c:/apps/atmel/studio/7.0/toolchain/avr8/avr8-gnu-toolchain/bin/../lib/gcc/avr/5.4.0/../../../../avr/lib/avr6\libc.a(strnlen.o)
                0x00003a86                strnlen
 .text.avr-libc
                0x00003a9c       0x78 c:/apps/atmel/studio/7.0/toolchain/avr8/avr8-gnu-toolchain/bin/../lib/gcc/avr/5.4.0/../../../../avr/lib/avr6\libc.a(fputc.o)
                0x00003a9c                fputc
 .text.avr-libc
                0x00003b14       0x26 c:/apps/atmel/studio/7.0/toolchain/avr8/avr8-gnu-toolchain/bin/../lib/gcc/avr/5.4.0/../../../../avr/lib/avr6\libc.a(printf.o)
                0x00003b14                printf
 .text.avr-libc
                0x00003b3a        0xa c:/apps/atmel/studio/7.0/toolchain/avr8/avr8-gnu-toolchain/bin/../lib/gcc/avr/5.4.0/../../../../avr/lib/avr6\libc.a(putchar.o)
                0x00003b3a                putchar
 .text.avr-libc
                0x00003b44       0x5c c:/apps/atmel/studio/7.0/toolchain/avr8/avr8-gnu-toolchain/bin/../lib/gcc/avr/5.4.0/../../../../avr/lib/avr6\libc.a(sprintf.o)
                0x00003b44                sprintf
 .text.avr-libc
                0x00003ba0       0xbc c:/apps/atmel/studio/7.0/toolchain/avr8/avr8-gnu-toolchain/bin/../lib/gcc/avr/5.4.0/../../../../avr/lib/avr6\libc.a(ultoa_invert.o)
                0x00003ba0                __ultoa_invert
 .text.libgcc.div
                0x00003c5c       0x28 c:/apps/atmel/studio/7.0/toolchain/avr8/avr8-gnu-toolchain/bin/../lib/gcc/avr/5.4.0/avr6\libgcc.a(_udivmodhi4.o)
                0x00003c5c                __udivmodhi4
 .text.libgcc.mul
                0x00003c84       0x14 c:/apps/atmel/studio/7.0/toolchain/avr8/avr8-gnu-toolchain/bin/../lib/gcc/avr/5.4.0/avr6\libgcc.a(_muluhisi3.o)
                0x00003c84                __muluhisi3
 .text.libgcc.mul
                0x00003c98        0xc c:/apps/atmel/studio/7.0/toolchain/avr8/avr8-gnu-toolchain/bin/../lib/gcc/avr/5.4.0/avr6\libgcc.a(_mulshisi3.o)
                0x00003c98                __mulshisi3
                0x00003c9c                __mulohisi3
 .text.libgcc.mul
                0x00003ca4       0x1e c:/apps/atmel/studio/7.0/toolchain/avr8/avr8-gnu-toolchain/bin/../lib/gcc/avr/5.4.0/avr6\libgcc.a(_umulhisi3.o)
                0x00003ca4                __umulhisi3
                0x00003cc2                . = ALIGN (0x2)
 *(.fini9)
 .fini9         0x00003cc2        0x0 c:/apps/atmel/studio/7.0/toolchain/avr8/avr8-gnu-toolchain/bin/../lib/gcc/avr/5.4.0/avr6\libgcc.a(_exit.o)
                0x00003cc2                _exit
                0x00003cc2                exit
 *(.fini9)
 *(.fini8)
 *(.fini8)
 *(.fini7)
 *(.fini7)
 *(.fini6)
 *(.fini6)
 *(.fini5)
 *(.fini5)
 *(.fini4)
 *(.fini4)
 *(.fini3)
 *(.fini3)
 *(.fini2)
 *(.fini2)
 *(.fini1)
 *(.fini1)
 *(.fini0)
 .fini0         0x00003cc2        0x4 c:/apps/atmel/studio/7.0/toolchain/avr8/avr8-gnu-toolchain/bin/../lib/gcc/avr/5.4.0/avr6\libgcc.a(_exit.o)
 *(.fini0)
                0x00003cc6                _etext = .

.data           0x00800200      0x29e load address 0x00003cc6
                0x00800200                PROVIDE (__data_start, .)
 *(.data)
 .data          0x00800200        0x4 c:/apps/atmel/studio/7.0/toolchain/avr8/avr8-gnu-toolchain/bin/../lib/gcc/avr/5.4.0/../../../../avr/lib/avr6\libc.a(rand.o)
 *(.data*)
 .data.uart_str
                0x00800204        0xe main.o
                0x00800204                uart_str
 *(.gnu.linkonce.d*)
 *(.rodata)
 *(.rodata*)
 .rodata.str1.1
                0x00800212      0x28b main.o
                                0x28f (size before relaxing)
 *(.gnu.linkonce.r*)
                0x0080049e                . = ALIGN (0x2)
 *fill*         0x0080049d        0x1 
                0x0080049e                _edata = .
                0x0080049e                PROVIDE (__data_end, .)

.bss            0x0080049e      0xc84
                0x0080049e                PROVIDE (__bss_start, .)
 *(.bss)
 *(.bss*)
 .bss.appCmdDataReq
                0x0080049e       0x11 commands.o
 .bss.appCmdInProgress
                0x008004af        0x2 commands.o
 .bss.appCmdPendingTable
                0x008004b1       0x2d commands.o
 .bss.appCmdIdentifyPeriodTimer
                0x008004de        0xd commands.o
 .bss.appCmdIdentifyDurationTimer
                0x008004eb        0xd commands.o
 .bss.appCmdUartCsum
                0x008004f8        0x1 commands.o
 .bss.appCmdUartBuf
                0x008004f9       0x10 commands.o
 .bss.appCmdUartPtr
                0x00800509        0x1 commands.o
 .bss.appCmdUartState
                0x0080050a        0x1 commands.o
 .bss.msg.2909  0x0080050b        0x5 main.o
 .bss.msg.2914  0x00800510        0x5 main.o
 .bss.myNodeID  0x00800515        0x2 main.o
                0x00800515                myNodeID
 .bss.appDataSendingTimer
                0x00800517        0xd main.o
 .bss.appMsg    0x00800524       0x37 main.o
 .bss.appNetworkStatus
                0x0080055b        0x1 main.o
 .bss.appCommandWaitTimer
                0x0080055c        0xd main.o
 .bss.appNetworkStatusTimer
                0x00800569        0xd main.o
 .bss.appNwkDataReq
                0x00800576       0x11 main.o
 .bss.appState  0x00800587        0x1 main.o
 .bss.halSleepTimerEvent
                0x00800588        0x1 stack/hal/drivers/atmega256rfr2/src/halSleep.o
 .bss.newData   0x00800589        0x1 stack/hal/drivers/atmega256rfr2/src/halUart.o
 .bss.udrEmpty  0x0080058a        0x1 stack/hal/drivers/atmega256rfr2/src/halUart.o
 .bss.rxData    0x0080058b       0xc9 stack/hal/drivers/atmega256rfr2/src/halUart.o
 .bss.rxFifo    0x00800654        0xa stack/hal/drivers/atmega256rfr2/src/halUart.o
 .bss.txData    0x0080065e       0xc9 stack/hal/drivers/atmega256rfr2/src/halUart.o
 .bss.txFifo    0x00800727        0xa stack/hal/drivers/atmega256rfr2/src/halUart.o
 .bss.nwkDataReqQueue
                0x00800731        0x2 stack/nwk/src/nwkDataReq.o
 .bss.nwkFrameFrames
                0x00800733      0x55a stack/nwk/src/nwkFrame.o
 .bss.nwkRouteTable
                0x00800c8d      0x2bc stack/nwk/src/nwkRoute.o
 .bss.nwkRxDuplicateRejectionTimer
                0x00800f49        0xd stack/nwk/src/nwkRx.o
 .bss.nwkRxAckControl
                0x00800f56        0x1 stack/nwk/src/nwkRx.o
 .bss.nwkRxDuplicateRejectionTable
                0x00800f57       0xfa stack/nwk/src/nwkRx.o
 .bss.nwkTxDelayTimer
                0x00801051        0xd stack/nwk/src/nwkTx.o
 .bss.nwkTxAckWaitTimer
                0x0080105e        0xd stack/nwk/src/nwkTx.o
 .bss.nwkTxPhyActiveFrame
                0x0080106b        0x2 stack/nwk/src/nwkTx.o
 .bss.phyBand   0x0080106d        0x1 stack/phy/atmega256rfr2/src/phy.o
 .bss.phyChannel
                0x0080106e        0x1 stack/phy/atmega256rfr2/src/phy.o
 .bss.phyRxState
                0x0080106f        0x1 stack/phy/atmega256rfr2/src/phy.o
 .bss.phyRxBuffer
                0x00801070       0x80 stack/phy/atmega256rfr2/src/phy.o
 .bss.phyState  0x008010f0        0x1 stack/phy/atmega256rfr2/src/phy.o
 .bss.timers    0x008010f1        0x2 stack/sys/src/sysTimer.o
 *(COMMON)
 COMMON         0x008010f3        0x1 stack/hal/atmega256rfr2/src/halTimer.o
                0x008010f3                halTimerIrqCount
 COMMON         0x008010f4       0x28 stack/nwk/src/nwk.o
                0x008010f4                nwkIb
 COMMON         0x0080111c        0x6 c:/apps/atmel/studio/7.0/toolchain/avr8/avr8-gnu-toolchain/bin/../lib/gcc/avr/5.4.0/../../../../avr/lib/avr6\libc.a(iob.o)
                0x0080111c                __iob
                0x00801122                PROVIDE (__bss_end, .)
                0x00003cc6                __data_load_start = LOADADDR (.data)
                0x00003f64                __data_load_end = (__data_load_start + SIZEOF (.data))

.noinit         0x00801122        0x0
                [!provide]                PROVIDE (__noinit_start, .)
 *(.noinit*)
                [!provide]                PROVIDE (__noinit_end, .)
                0x00801122                _end = .
                [!provide]                PROVIDE (__heap_start, .)

.eeprom         0x00810000        0x0
 *(.eeprom*)
                0x00810000                __eeprom_end = .

.fuse
 *(.fuse)
 *(.lfuse)
 *(.hfuse)
 *(.efuse)

.lock
 *(.lock*)

.signature
 *(.signature*)

.user_signatures
 *(.user_signatures*)

.stab
 *(.stab)

.stabstr
 *(.stabstr)

.stab.excl
 *(.stab.excl)

.stab.exclstr
 *(.stab.exclstr)

.stab.index
 *(.stab.index)

.stab.indexstr
 *(.stab.indexstr)

.comment        0x00000000       0x5c
 *(.comment)
 .comment       0x00000000       0x30 commands.o
                                 0x31 (size before relaxing)
 .comment       0x00000030       0x31 lib/libprintfuart.o
 .comment       0x00000030       0x31 main.o
 .comment       0x00000030       0x31 stack/hal/atmega256rfr2/src/hal.o
 .comment       0x00000030       0x31 stack/hal/atmega256rfr2/src/halTimer.o
 .comment       0x00000030       0x31 stack/hal/drivers/atmega256rfr2/src/halSleep.o
 .comment       0x00000030       0x31 stack/hal/drivers/atmega256rfr2/src/halUart.o
 .comment       0x00000030       0x31 stack/nwk/src/nwk.o
 .comment       0x00000030       0x31 stack/nwk/src/nwkDataReq.o
 .comment       0x00000030       0x31 stack/nwk/src/nwkFrame.o
 .comment       0x00000030       0x31 stack/nwk/src/nwkRoute.o
 .comment       0x00000030       0x31 stack/nwk/src/nwkRx.o
 .comment       0x00000030       0x31 stack/nwk/src/nwkTx.o
 .comment       0x00000030       0x31 stack/phy/atmega256rfr2/src/phy.o
 .comment       0x00000030       0x31 stack/sys/src/sys.o
 .comment       0x00000030       0x31 stack/sys/src/sysTimer.o
 .comment       0x00000030       0x2c c:/apps/atmel/studio/7.0/toolchain/avr8/avr8-gnu-toolchain/bin/../lib/gcc/avr/5.4.0/../../../../avr/lib/avr6\libprintf_flt.a(vfprintf_flt.o)
                                 0x2d (size before relaxing)
 .comment       0x0000005c       0x31 c:/apps/atmel/studio/7.0/toolchain/avr8/avr8-gnu-toolchain/bin/../lib/gcc/avr/5.4.0/../../../../avr/lib/avr6\libc.a(qsort.o)
 .comment       0x0000005c       0x31 c:/apps/atmel/studio/7.0/toolchain/avr8/avr8-gnu-toolchain/bin/../lib/gcc/avr/5.4.0/../../../../avr/lib/avr6\libc.a(rand.o)
 .comment       0x0000005c       0x31 c:/apps/atmel/studio/7.0/toolchain/avr8/avr8-gnu-toolchain/bin/../lib/gcc/avr/5.4.0/../../../../avr/lib/avr6\libc.a(fputc.o)
 .comment       0x0000005c       0x31 c:/apps/atmel/studio/7.0/toolchain/avr8/avr8-gnu-toolchain/bin/../lib/gcc/avr/5.4.0/../../../../avr/lib/avr6\libc.a(iob.o)
 .comment       0x0000005c       0x31 c:/apps/atmel/studio/7.0/toolchain/avr8/avr8-gnu-toolchain/bin/../lib/gcc/avr/5.4.0/../../../../avr/lib/avr6\libc.a(printf.o)
 .comment       0x0000005c       0x31 c:/apps/atmel/studio/7.0/toolchain/avr8/avr8-gnu-toolchain/bin/../lib/gcc/avr/5.4.0/../../../../avr/lib/avr6\libc.a(putchar.o)
 .comment       0x0000005c       0x31 c:/apps/atmel/studio/7.0/toolchain/avr8/avr8-gnu-toolchain/bin/../lib/gcc/avr/5.4.0/../../../../avr/lib/avr6\libc.a(sprintf.o)

.note.gnu.avr.deviceinfo
                0x00000000       0x40
 .note.gnu.avr.deviceinfo
                0x00000000       0x40 c:/apps/atmel/studio/7.0/toolchain/avr8/avr8-gnu-toolchain/bin/../lib/gcc/avr/5.4.0/../../../../avr/lib/avr6/crtatmega256rfr2.o

.note.gnu.build-id
 *(.note.gnu.build-id)

.debug
 *(.debug)

.line
 *(.line)

.debug_srcinfo
 *(.debug_srcinfo)

.debug_sfnames
 *(.debug_sfnames)

.debug_aranges  0x00000000      0x530
 *(.debug_aranges)
 .debug_aranges
                0x00000000       0x60 commands.o
 .debug_aranges
                0x00000060       0x58 lib/libprintfuart.o
 .debug_aranges
                0x000000b8       0xa8 main.o
 .debug_aranges
                0x00000160       0x28 stack/hal/atmega256rfr2/src/hal.o
 .debug_aranges
                0x00000188       0x30 stack/hal/atmega256rfr2/src/halTimer.o
 .debug_aranges
                0x000001b8       0x28 stack/hal/drivers/atmega256rfr2/src/halSleep.o
 .debug_aranges
                0x000001e0       0x48 stack/hal/drivers/atmega256rfr2/src/halUart.o
 .debug_aranges
                0x00000228       0x70 stack/nwk/src/nwk.o
 .debug_aranges
                0x00000298       0x38 stack/nwk/src/nwkDataReq.o
 .debug_aranges
                0x000002d0       0x40 stack/nwk/src/nwkFrame.o
 .debug_aranges
                0x00000310       0x80 stack/nwk/src/nwkRoute.o
 .debug_aranges
                0x00000390       0x48 stack/nwk/src/nwkRx.o
 .debug_aranges
                0x000003d8       0x60 stack/nwk/src/nwkTx.o
 .debug_aranges
                0x00000438       0x88 stack/phy/atmega256rfr2/src/phy.o
 .debug_aranges
                0x000004c0       0x28 stack/sys/src/sys.o
 .debug_aranges
                0x000004e8       0x48 stack/sys/src/sysTimer.o

.debug_pubnames
 *(.debug_pubnames)

.debug_info     0x00000000     0x7e78
 *(.debug_info .gnu.linkonce.wi.*)
 .debug_info    0x00000000     0x13e6 c:/apps/atmel/studio/7.0/toolchain/avr8/avr8-gnu-toolchain/bin/../lib/gcc/avr/5.4.0/../../../../avr/lib/avr6/crtatmega256rfr2.o
 .debug_info    0x000013e6      0xa16 commands.o
 .debug_info    0x00001dfc      0x407 lib/libprintfuart.o
 .debug_info    0x00002203     0x1612 main.o
 .debug_info    0x00003815      0x128 stack/hal/atmega256rfr2/src/hal.o
 .debug_info    0x0000393d       0xe4 stack/hal/atmega256rfr2/src/halTimer.o
 .debug_info    0x00003a21      0x184 stack/hal/drivers/atmega256rfr2/src/halSleep.o
 .debug_info    0x00003ba5      0x319 stack/hal/drivers/atmega256rfr2/src/halUart.o
 .debug_info    0x00003ebe      0x4ce stack/nwk/src/nwk.o
 .debug_info    0x0000438c      0x785 stack/nwk/src/nwkDataReq.o
 .debug_info    0x00004b11      0x572 stack/nwk/src/nwkFrame.o
 .debug_info    0x00005083      0xb52 stack/nwk/src/nwkRoute.o
 .debug_info    0x00005bd5      0xc34 stack/nwk/src/nwkRx.o
 .debug_info    0x00006809      0xa26 stack/nwk/src/nwkTx.o
 .debug_info    0x0000722f      0x7c4 stack/phy/atmega256rfr2/src/phy.o
 .debug_info    0x000079f3      0x140 stack/sys/src/sys.o
 .debug_info    0x00007b33      0x345 stack/sys/src/sysTimer.o

.debug_abbrev   0x00000000     0x34c6
 *(.debug_abbrev)
 .debug_abbrev  0x00000000     0x12d6 c:/apps/atmel/studio/7.0/toolchain/avr8/avr8-gnu-toolchain/bin/../lib/gcc/avr/5.4.0/../../../../avr/lib/avr6/crtatmega256rfr2.o
 .debug_abbrev  0x000012d6      0x33e commands.o
 .debug_abbrev  0x00001614      0x1fd lib/libprintfuart.o
 .debug_abbrev  0x00001811      0x55c main.o
 .debug_abbrev  0x00001d6d       0xc3 stack/hal/atmega256rfr2/src/hal.o
 .debug_abbrev  0x00001e30       0xaa stack/hal/atmega256rfr2/src/halTimer.o
 .debug_abbrev  0x00001eda       0xd5 stack/hal/drivers/atmega256rfr2/src/halSleep.o
 .debug_abbrev  0x00001faf      0x16a stack/hal/drivers/atmega256rfr2/src/halUart.o
 .debug_abbrev  0x00002119      0x1b5 stack/nwk/src/nwk.o
 .debug_abbrev  0x000022ce      0x27f stack/nwk/src/nwkDataReq.o
 .debug_abbrev  0x0000254d      0x183 stack/nwk/src/nwkFrame.o
 .debug_abbrev  0x000026d0      0x332 stack/nwk/src/nwkRoute.o
 .debug_abbrev  0x00002a02      0x38a stack/nwk/src/nwkRx.o
 .debug_abbrev  0x00002d8c      0x30c stack/nwk/src/nwkTx.o
 .debug_abbrev  0x00003098      0x230 stack/phy/atmega256rfr2/src/phy.o
 .debug_abbrev  0x000032c8       0x63 stack/sys/src/sys.o
 .debug_abbrev  0x0000332b      0x19b stack/sys/src/sysTimer.o

.debug_line     0x00000000     0x3304
 *(.debug_line .debug_line.* .debug_line_end)
 .debug_line    0x00000000       0x1a c:/apps/atmel/studio/7.0/toolchain/avr8/avr8-gnu-toolchain/bin/../lib/gcc/avr/5.4.0/../../../../avr/lib/avr6/crtatmega256rfr2.o
 .debug_line    0x0000001a      0x42e commands.o
 .debug_line    0x00000448      0x25a lib/libprintfuart.o
 .debug_line    0x000006a2      0x962 main.o
 .debug_line    0x00001004      0x167 stack/hal/atmega256rfr2/src/hal.o
 .debug_line    0x0000116b      0x11e stack/hal/atmega256rfr2/src/halTimer.o
 .debug_line    0x00001289      0x1cc stack/hal/drivers/atmega256rfr2/src/halSleep.o
 .debug_line    0x00001455      0x2b5 stack/hal/drivers/atmega256rfr2/src/halUart.o
 .debug_line    0x0000170a      0x29c stack/nwk/src/nwk.o
 .debug_line    0x000019a6      0x23d stack/nwk/src/nwkDataReq.o
 .debug_line    0x00001be3      0x1c2 stack/nwk/src/nwkFrame.o
 .debug_line    0x00001da5      0x47d stack/nwk/src/nwkRoute.o
 .debug_line    0x00002222      0x4a5 stack/nwk/src/nwkRx.o
 .debug_line    0x000026c7      0x4bb stack/nwk/src/nwkTx.o
 .debug_line    0x00002b82      0x3cf stack/phy/atmega256rfr2/src/phy.o
 .debug_line    0x00002f51      0x108 stack/sys/src/sys.o
 .debug_line    0x00003059      0x2ab stack/sys/src/sysTimer.o

.debug_frame    0x00000000      0xdec
 *(.debug_frame)
 .debug_frame   0x00000000       0xec commands.o
 .debug_frame   0x000000ec       0xb8 lib/libprintfuart.o
 .debug_frame   0x000001a4      0x324 main.o
 .debug_frame   0x000004c8       0x34 stack/hal/atmega256rfr2/src/hal.o
 .debug_frame   0x000004fc       0x54 stack/hal/atmega256rfr2/src/halTimer.o
 .debug_frame   0x00000550       0x50 stack/hal/drivers/atmega256rfr2/src/halSleep.o
 .debug_frame   0x000005a0       0xe4 stack/hal/drivers/atmega256rfr2/src/halUart.o
 .debug_frame   0x00000684       0xd4 stack/nwk/src/nwk.o
 .debug_frame   0x00000758       0x68 stack/nwk/src/nwkDataReq.o
 .debug_frame   0x000007c0       0x64 stack/nwk/src/nwkFrame.o
 .debug_frame   0x00000824      0x174 stack/nwk/src/nwkRoute.o
 .debug_frame   0x00000998       0xe0 stack/nwk/src/nwkRx.o
 .debug_frame   0x00000a78      0x144 stack/nwk/src/nwkTx.o
 .debug_frame   0x00000bbc      0x13c stack/phy/atmega256rfr2/src/phy.o
 .debug_frame   0x00000cf8       0x34 stack/sys/src/sys.o
 .debug_frame   0x00000d2c       0xc0 stack/sys/src/sysTimer.o

.debug_str      0x00000000     0x275b
 *(.debug_str)
 .debug_str     0x00000000      0x7f7 c:/apps/atmel/studio/7.0/toolchain/avr8/avr8-gnu-toolchain/bin/../lib/gcc/avr/5.4.0/../../../../avr/lib/avr6/crtatmega256rfr2.o
 .debug_str     0x000007f7      0x62a commands.o
                                0x66f (size before relaxing)
 .debug_str     0x00000e21      0x12d lib/libprintfuart.o
                                0x2b9 (size before relaxing)
 .debug_str     0x00000f4e      0x6c3 main.o
                                0xae7 (size before relaxing)
 .debug_str     0x00001611       0x6a stack/hal/atmega256rfr2/src/hal.o
                                0x1d6 (size before relaxing)
 .debug_str     0x0000167b       0x47 stack/hal/atmega256rfr2/src/halTimer.o
                                0x1d0 (size before relaxing)
 .debug_str     0x000016c2       0x8d stack/hal/drivers/atmega256rfr2/src/halSleep.o
                                0x21b (size before relaxing)
 .debug_str     0x0000174f       0xa8 stack/hal/drivers/atmega256rfr2/src/halUart.o
                                0x299 (size before relaxing)
 .debug_str     0x000017f7      0x114 stack/nwk/src/nwk.o
                                0x35d (size before relaxing)
 .debug_str     0x0000190b      0x1fb stack/nwk/src/nwkDataReq.o
                                0x58c (size before relaxing)
 .debug_str     0x00001b06       0x61 stack/nwk/src/nwkFrame.o
                                0x42b (size before relaxing)
 .debug_str     0x00001b67      0x1e3 stack/nwk/src/nwkRoute.o
                                0x635 (size before relaxing)
 .debug_str     0x00001d4a      0x2b6 stack/nwk/src/nwkRx.o
                                0x76e (size before relaxing)
 .debug_str     0x00002000      0x1c2 stack/nwk/src/nwkTx.o
                                0x6fe (size before relaxing)
 .debug_str     0x000021c2      0x518 stack/phy/atmega256rfr2/src/phy.o
                                0x79d (size before relaxing)
 .debug_str     0x000026da       0x3a stack/sys/src/sys.o
                                0x1f8 (size before relaxing)
 .debug_str     0x00002714       0x47 stack/sys/src/sysTimer.o
                                0x28d (size before relaxing)

.debug_loc      0x00000000     0x3943
 *(.debug_loc)
 .debug_loc     0x00000000      0x571 commands.o
 .debug_loc     0x00000571      0x2f2 lib/libprintfuart.o
 .debug_loc     0x00000863      0xdcb main.o
 .debug_loc     0x0000162e       0x21 stack/hal/atmega256rfr2/src/hal.o
 .debug_loc     0x0000164f       0x62 stack/hal/atmega256rfr2/src/halTimer.o
 .debug_loc     0x000016b1      0x179 stack/hal/drivers/atmega256rfr2/src/halSleep.o
 .debug_loc     0x0000182a      0x212 stack/hal/drivers/atmega256rfr2/src/halUart.o
 .debug_loc     0x00001a3c      0x14d stack/nwk/src/nwk.o
 .debug_loc     0x00001b89      0x137 stack/nwk/src/nwkDataReq.o
 .debug_loc     0x00001cc0       0xe2 stack/nwk/src/nwkFrame.o
 .debug_loc     0x00001da2      0x875 stack/nwk/src/nwkRoute.o
 .debug_loc     0x00002617      0x543 stack/nwk/src/nwkRx.o
 .debug_loc     0x00002b5a      0x691 stack/nwk/src/nwkTx.o
 .debug_loc     0x000031eb      0x32a stack/phy/atmega256rfr2/src/phy.o
 .debug_loc     0x00003515      0x42e stack/sys/src/sysTimer.o

.debug_macinfo
 *(.debug_macinfo)

.debug_weaknames
 *(.debug_weaknames)

.debug_funcnames
 *(.debug_funcnames)

.debug_typenames
 *(.debug_typenames)

.debug_varnames
 *(.debug_varnames)

.debug_pubtypes
 *(.debug_pubtypes)

.debug_ranges   0x00000000      0x5d8
 *(.debug_ranges)
 .debug_ranges  0x00000000       0x80 commands.o
 .debug_ranges  0x00000080       0x48 lib/libprintfuart.o
 .debug_ranges  0x000000c8       0xf8 main.o
 .debug_ranges  0x000001c0       0x18 stack/hal/atmega256rfr2/src/hal.o
 .debug_ranges  0x000001d8       0x20 stack/hal/atmega256rfr2/src/halTimer.o
 .debug_ranges  0x000001f8       0x30 stack/hal/drivers/atmega256rfr2/src/halSleep.o
 .debug_ranges  0x00000228       0x38 stack/hal/drivers/atmega256rfr2/src/halUart.o
 .debug_ranges  0x00000260       0x60 stack/nwk/src/nwk.o
 .debug_ranges  0x000002c0       0x28 stack/nwk/src/nwkDataReq.o
 .debug_ranges  0x000002e8       0x30 stack/nwk/src/nwkFrame.o
 .debug_ranges  0x00000318       0x88 stack/nwk/src/nwkRoute.o
 .debug_ranges  0x000003a0       0xd0 stack/nwk/src/nwkRx.o
 .debug_ranges  0x00000470       0x68 stack/nwk/src/nwkTx.o
 .debug_ranges  0x000004d8       0x78 stack/phy/atmega256rfr2/src/phy.o
 .debug_ranges  0x00000550       0x18 stack/sys/src/sys.o
 .debug_ranges  0x00000568       0x70 stack/sys/src/sysTimer.o

.debug_macro
 *(.debug_macro)
OUTPUT(LWM_MSSY.elf elf32-avr)
LOAD linker stubs
